../Drivers/Src/stm32f446xx_i2c_driver.c:24:6:I2C_PeriClockControl	16	static
../Drivers/Src/stm32f446xx_i2c_driver.c:63:6:I2C_Init	24	static
../Drivers/Src/stm32f446xx_i2c_driver.c:136:6:I2C_MasterSendData	24	static
../Drivers/Src/stm32f446xx_i2c_driver.c:185:6:I2C_MasterReceiveData	32	static
../Drivers/Src/stm32f446xx_i2c_driver.c:251:6:I2C_EV_IRQHandling	32	static
../Drivers/Src/stm32f446xx_i2c_driver.c:415:6:I2C_ER_IRQHandling	24	static
../Drivers/Src/stm32f446xx_i2c_driver.c:501:6:I2C_ManageAcking	16	static
../Drivers/Src/stm32f446xx_i2c_driver.c:514:13:I2C_GenerateStartCondition	16	static
../Drivers/Src/stm32f446xx_i2c_driver.c:520:13:I2C_ExecuteAddressPhaseWrite	16	static
../Drivers/Src/stm32f446xx_i2c_driver.c:526:13:I2C_ExecuteAddressPhaseRead	16	static
../Drivers/Src/stm32f446xx_i2c_driver.c:532:13:I2C_ClearADDRFlag	24	static
../Drivers/Src/stm32f446xx_i2c_driver.c:571:13:I2C_GenerateStopCondition	16	static
../Drivers/Src/stm32f446xx_i2c_driver.c:579:6:I2C_CloseSendData	16	static
../Drivers/Src/stm32f446xx_i2c_driver.c:592:6:I2C_CloseReceiveData	16	static
../Drivers/Src/stm32f446xx_i2c_driver.c:614:6:I2C_IRQConfig	16	static
../Drivers/Src/stm32f446xx_i2c_driver.c:652:6:I2C_IRQPriorityConfig	24	static
../Drivers/Src/stm32f446xx_i2c_driver.c:667:6:I2C_Peripheral_Control	16	static
../Drivers/Src/stm32f446xx_i2c_driver.c:679:9:I2C_GetFlagStatus	16	static
../Drivers/Src/stm32f446xx_i2c_driver.c:691:9:I2C_MasterSendDataIT	32	static
../Drivers/Src/stm32f446xx_i2c_driver.c:719:9:I2C_MasterReceiveDataIT	32	static
../Drivers/Src/stm32f446xx_i2c_driver.c:747:6:I2C_SlaveSendData	16	static
../Drivers/Src/stm32f446xx_i2c_driver.c:752:9:I2C_SlaveReceiveData	16	static
../Drivers/Src/stm32f446xx_i2c_driver.c:761:6:I2C_SlaveEnableDisableCallBackEvents	16	static
